2025-11-09 13:47:41:4741 [31merror[39m: [31mRedis connection error: connect EACCES /[39m
2025-11-09 13:47:41:4741 [31merror[39m: [31mRedis connection error: connect EACCES /[39m
2025-11-09 13:47:41:4741 [31merror[39m: [31mRedis connection error: connect EACCES /[39m
2025-11-09 13:47:41:4741 [31merror[39m: [31mRedis connection error: connect EACCES /[39m
2025-11-09 13:47:42:4742 [31merror[39m: [31mRedis connection error: connect EACCES /[39m
2025-11-09 13:47:42:4742 [31merror[39m: [31mRedis connection error: connect EACCES /[39m
2025-11-09 13:47:42:4742 [31merror[39m: [31mRedis connection error: connect EACCES /[39m
2025-11-09 13:47:43:4743 [31merror[39m: [31mRedis connection error: connect EACCES /[39m
2025-11-09 13:47:43:4743 [31merror[39m: [31mRedis connection error: connect EACCES /[39m
2025-11-09 18:28:44:2844 [31merror[39m: [31mError: Route /favicon.ico not found[39m
2025-11-09 18:48:39:4839 [31merror[39m: [31mMongoose connection error: Cannot read properties of undefined (reading 'dbName')[39m
2025-11-09 18:48:39:4839 [31merror[39m: [31m  ❌ MongoDB (Mongoose) URI set but connection failed[39m
2025-11-09 18:48:46:4846 [31merror[39m: [31mMongoose connection error: Cannot read properties of undefined (reading 'dbName')[39m
2025-11-09 18:48:46:4846 [31merror[39m: [31m  ❌ MongoDB (Mongoose) URI set but connection failed[39m
2025-11-09 18:49:35:4935 [31merror[39m: [31mMongoose connection error: Cannot read properties of undefined (reading 'dbName')[39m
2025-11-09 18:49:35:4935 [31merror[39m: [31m  ❌ MongoDB (Mongoose) URI set but connection failed[39m
2025-11-09 18:49:48:4948 [31merror[39m: [31mMongoose connection error: Cannot read properties of undefined (reading 'dbName')[39m
2025-11-09 18:49:48:4948 [31merror[39m: [31m  ❌ MongoDB (Mongoose) URI set but connection failed[39m
2025-11-09 18:51:14:5114 [31merror[39m: [31mMongoose connection error: Cannot read properties of undefined (reading 'dbName')[39m
2025-11-09 18:51:14:5114 [31merror[39m: [31m  ❌ MongoDB (Mongoose) URI set but connection failed[39m
2025-11-09 18:51:20:5120 [31merror[39m: [31mMongoose connection error: Cannot read properties of undefined (reading 'dbName')[39m
2025-11-09 18:51:20:5120 [31merror[39m: [31m  ❌ MongoDB (Mongoose) URI set but connection failed[39m
2025-11-09 18:51:25:5125 [31merror[39m: [31mMongoose connection error: Cannot read properties of undefined (reading 'dbName')[39m
2025-11-09 18:51:25:5125 [31merror[39m: [31m  ❌ MongoDB (Mongoose) URI set but connection failed[39m
2025-11-09 18:51:35:5135 [31merror[39m: [31mMongoose connection error: Cannot read properties of undefined (reading 'dbName')[39m
2025-11-09 18:51:35:5135 [31merror[39m: [31m  ❌ MongoDB (Mongoose) URI set but connection failed[39m
2025-11-09 18:51:50:5150 [31merror[39m: [31mMongoose connection error: Cannot read properties of undefined (reading 'dbName')[39m
2025-11-09 18:51:50:5150 [31merror[39m: [31m  ❌ MongoDB (Mongoose) URI set but connection failed[39m
2025-11-09 18:51:57:5157 [31merror[39m: [31mMongoose connection error: Cannot read properties of undefined (reading 'dbName')[39m
2025-11-09 18:51:57:5157 [31merror[39m: [31m  ❌ MongoDB (Mongoose) URI set but connection failed[39m
2025-11-09 18:52:05:525 [31merror[39m: [31mMongoose connection error: Cannot read properties of undefined (reading 'dbName')[39m
2025-11-09 18:52:05:525 [31merror[39m: [31m  ❌ MongoDB (Mongoose) URI set but connection failed[39m
2025-11-09 19:13:52:1352 [31merror[39m: [31mMongoose connection error: Cannot read properties of undefined (reading 'dbName')[39m
2025-11-09 19:13:52:1352 [31merror[39m: [31m  ❌ MongoDB (Mongoose) URI set but connection failed[39m
2025-11-09 19:17:34:1734 [31merror[39m: [31m  ❌ Supabase connection failed:[39m
2025-11-09 19:28:58:2858 [31merror[39m: [31mMongoose connection error: Server selection timed out after 5000 ms[39m
2025-11-09 19:30:10:3010 [31merror[39m: [31m  ❌ Supabase connection failed:[39m
2025-11-09 20:31:27:3127 [31merror[39m: [31mError: Route / not found[39m
2025-11-09 20:31:27:3127 [31merror[39m: [31mError: Route / not found[39m
2025-11-09 20:31:42:3142 [31merror[39m: [31mError: Route // not found[39m
2025-11-09 20:31:42:3142 [31merror[39m: [31mError: Route // not found[39m
2025-11-09 20:31:46:3146 [31merror[39m: [31mError: Route /300 not found[39m
2025-11-09 20:31:46:3146 [31merror[39m: [31mError: Route /300 not found[39m
2025-11-09 20:58:15:5815 [31merror[39m: [31mMongoose connection error: Could not connect to any servers in your MongoDB Atlas cluster. One common reason is that you're trying to access the database from an IP that isn't whitelisted. Make sure your current IP address is on your Atlas cluster's IP whitelist: https://www.mongodb.com/docs/atlas/security-whitelist/[39m
2025-11-13 18:59:54:5954 [31merror[39m: [31mError: Route /health not found[39m
2025-11-13 19:21:50:2150 [31merror[39m: [31mMongoose connection error: Could not connect to any servers in your MongoDB Atlas cluster. One common reason is that you're trying to access the database from an IP that isn't whitelisted. Make sure your current IP address is on your Atlas cluster's IP whitelist: https://www.mongodb.com/docs/atlas/security-whitelist/[39m
2025-11-13 19:22:36:2236 [31merror[39m: [31m  ❌ Supabase connection failed:[39m
2025-11-13 19:22:53:2253 [31merror[39m: [31mError inserting song Song Title 1: Could not find the 'available_qualities' column of 'songs' in the schema cache[39m
2025-11-13 19:22:53:2253 [31merror[39m: [31mError inserting song Song Title 2: Could not find the 'available_qualities' column of 'songs' in the schema cache[39m
2025-11-13 19:22:53:2253 [31merror[39m: [31mError inserting song Song Title 3: Could not find the 'available_qualities' column of 'songs' in the schema cache[39m
2025-11-13 19:22:59:2259 [31merror[39m: [31mMongoose connection error: Server selection timed out after 5000 ms[39m
2025-11-13 19:25:17:2517 [31merror[39m: [31mMongoose connection error: Server selection timed out after 5000 ms[39m
2025-11-15 17:32:04:324 [31merror[39m: [31mMongoose connection error: Server selection timed out after 5000 ms[39m
2025-11-15 17:32:04:324 [31merror[39m: [31m  ❌ MongoDB (Mongoose) URI set but connection failed[39m
2025-11-15 17:36:38:3638 [31merror[39m: [31mOperational Error: Validation failed[39m
2025-11-15 17:36:55:3655 [31merror[39m: [31mOperational Error: Invalid email or password[39m
2025-11-15 19:29:46:2946 [31merror[39m: [31mMongoose connection error: Server selection timed out after 5000 ms[39m
2025-11-15 19:29:46:2946 [31merror[39m: [31m  ❌ MongoDB (Mongoose) URI set but connection failed[39m
2025-11-15 19:33:36:3336 [31merror[39m: [31mMongoose connection error: Server selection timed out after 5000 ms[39m
2025-11-15 19:33:36:3336 [31merror[39m: [31m  ❌ MongoDB (Mongoose) URI set but connection failed[39m
2025-11-15 19:34:40:3440 [31merror[39m: [31mMongoose connection error: Server selection timed out after 5000 ms[39m
2025-11-15 19:34:40:3440 [31merror[39m: [31m  ❌ MongoDB (Mongoose) URI set but connection failed[39m
2025-11-15 19:36:31:3631 [31merror[39m: [31mMongoose connection error: Socket 'secureConnect' timed out after 30011ms (connectTimeoutMS: 30000)[39m
2025-11-15 19:36:31:3631 [31merror[39m: [31m  ❌ MongoDB (Mongoose) URI set but connection failed[39m
2025-11-15 19:37:32:3732 [31merror[39m: [31mSupabase auth user creation failed: A user with this email address has already been registered[39m
2025-11-15 19:37:32:3732 [31merror[39m: [31mError: Failed to create user account[39m
2025-11-15 19:37:32:3732 [31merror[39m: [31mError: Invalid email or password[39m
2025-11-15 19:37:33:3733 [31merror[39m: [31mError: Invalid or expired token[39m
2025-11-15 19:37:33:3733 [31merror[39m: [31mError: Invalid or expired token[39m
2025-11-15 19:37:34:3734 [31merror[39m: [31mError: Invalid or expired refresh token[39m
2025-11-15 19:37:34:3734 [31merror[39m: [31mError: Invalid or expired token[39m
2025-11-15 19:37:56:3756 [31merror[39m: [31mMongoose connection error: Socket 'secureConnect' timed out after 30007ms (connectTimeoutMS: 30000)[39m
2025-11-15 19:37:56:3756 [31merror[39m: [31m  ❌ MongoDB (Mongoose) URI set but connection failed[39m
2025-11-15 19:43:42:4342 [31merror[39m: [31m  ❌ Supabase connection failed:[39m
2025-11-15 19:54:05:545 [31merror[39m: [31mSupabase auth user creation failed: A user with this email address has already been registered[39m
2025-11-15 19:54:06:546 [31merror[39m: [31mError: Failed to create user account[39m
2025-11-15 19:56:17:5617 [31merror[39m: [31mMongoose connection error: Could not connect to any servers in your MongoDB Atlas cluster. One common reason is that you're trying to access the database from an IP that isn't whitelisted. Make sure your current IP address is on your Atlas cluster's IP whitelist: https://www.mongodb.com/docs/atlas/security-whitelist/[39m
2025-11-15 19:56:17:5617 [31merror[39m: [31m  ❌ MongoDB (Mongoose) URI set but connection failed[39m
2025-11-15 19:59:45:5945 [31merror[39m: [31mMongoose connection error: Could not connect to any servers in your MongoDB Atlas cluster. One common reason is that you're trying to access the database from an IP that isn't whitelisted. Make sure your current IP address is on your Atlas cluster's IP whitelist: https://www.mongodb.com/docs/atlas/security-whitelist/[39m
2025-11-15 19:59:45:5945 [31merror[39m: [31m  ❌ MongoDB (Mongoose) URI set but connection failed[39m
2025-11-15 20:00:22:022 [31merror[39m: [31mSupabase auth user creation failed: A user with this email address has already been registered[39m
2025-11-15 20:00:22:022 [31merror[39m: [31mError: Failed to create user account[39m
2025-11-15 20:04:16:416 [31merror[39m: [31mMongoose connection error: Could not connect to any servers in your MongoDB Atlas cluster. One common reason is that you're trying to access the database from an IP that isn't whitelisted. Make sure your current IP address is on your Atlas cluster's IP whitelist: https://www.mongodb.com/docs/atlas/security-whitelist/[39m
2025-11-15 20:04:16:416 [31merror[39m: [31m  ❌ MongoDB (Mongoose) URI set but connection failed[39m
2025-11-15 21:03:01:31 [31merror[39m: [31m❌ Port 54112 is already in use[39m
2025-11-15 21:30:17:3017 [31merror[39m: [31m❌ Port 54112 is already in use[39m
2025-11-17 15:00:41:041 [31merror[39m: [31m  ❌ Supabase connection failed:[39m
2025-11-17 15:01:42:142 [31merror[39m: [31m  ❌ Supabase connection failed:[39m
2025-11-18 20:54:41:5441 [31merror[39m: [31mError: Invalid or expired token[39m
2025-11-18 21:12:54:1254 [31merror[39m: [31mError fetching song with ID recent from Supabase: invalid input syntax for type uuid: "recent"[39m
2025-11-18 21:12:54:1254 [31merror[39m: [31mError in getSongById controller for ID recent: Operation failed[39m
2025-11-18 21:12:54:1254 [31merror[39m: [31mError: Operation failed[39m
2025-11-18 21:16:10:1610 [31merror[39m: [31mError fetching song with ID recent from Supabase: invalid input syntax for type uuid: "recent"[39m
2025-11-18 21:16:10:1610 [31merror[39m: [31mError in getSongById controller for ID recent: Operation failed[39m
2025-11-18 21:16:10:1610 [31merror[39m: [31mError: Operation failed[39m
2025-11-18 22:17:02:172 [31merror[39m: [31mError: Invalid or expired token[39m
2025-11-18 22:18:08:188 [31merror[39m: [31mError fetching song with ID recent from Supabase: invalid input syntax for type uuid: "recent"[39m
2025-11-18 22:18:08:188 [31merror[39m: [31mError in getSongById controller for ID recent: Operation failed[39m
2025-11-18 22:18:08:188 [31merror[39m: [31mError: Operation failed[39m
2025-11-18 22:18:34:1834 [31merror[39m: [31mError fetching song with ID recent from Supabase: invalid input syntax for type uuid: "recent"[39m
2025-11-18 22:18:34:1834 [31merror[39m: [31mError in getSongById controller for ID recent: Operation failed[39m
2025-11-18 22:18:34:1834 [31merror[39m: [31mError: Operation failed[39m
2025-11-18 22:20:29:2029 [31merror[39m: [31mError: No token provided[39m
2025-11-25 18:48:49:4849 [31merror[39m: [31m  ❌ Supabase connection failed:[39m
2025-11-25 18:48:57:4857 [31merror[39m: [31m  ❌ Supabase connection failed:[39m
2025-11-25 18:49:03:493 [31merror[39m: [31m  ❌ Supabase connection failed:[39m
2025-11-25 18:56:25:5625 [31merror[39m: [31m  ❌ Supabase connection failed:[39m
2025-11-25 18:57:00:570 [31merror[39m: [31m  ❌ Supabase connection failed:[39m
2025-11-25 19:19:20:1920 [31merror[39m: [31mError: Unexpected field[39m
2025-11-25 19:37:12:3712 [31merror[39m: [31mError: Unexpected field[39m
2025-11-25 19:49:11:4911 [31merror[39m: [31mError: Unexpected field[39m
2025-11-25 20:06:15:615 [31merror[39m: [31mError saving song metadata: new row violates row-level security policy for table "songs"[39m
2025-11-25 20:06:16:616 [31merror[39m: [31mError in uploadSong controller: Operation failed[39m
2025-11-25 20:06:16:616 [31merror[39m: [31mError: Operation failed[39m
2025-11-25 20:48:42:4842 [31merror[39m: [31mError: Invalid or expired token[39m
2025-12-10 19:29:16:2916 [31merror[39m: [31mError: No token provided[39m
2025-12-10 19:29:16:2916 [31merror[39m: [31mError: No token provided[39m
2025-12-10 19:29:16:2916 [31merror[39m: [31mError: No token provided[39m
2025-12-10 19:29:16:2916 [31merror[39m: [31mError: No token provided[39m
2025-12-10 19:29:16:2916 [31merror[39m: [31mError: Route /api/v1/songs/123/stream-url not found[39m
2025-12-10 19:29:16:2916 [31merror[39m: [31mError: Route /api/v1/nonexistent not found[39m
2025-12-10 19:29:16:2916 [31merror[39m: [31mError: Route /api/v1 not found[39m
2025-12-10 19:29:16:2916 [31merror[39m: [31mError: Route /api/v1/nonexistent not found[39m
2025-12-10 19:29:16:2916 [31merror[39m: [31mError: Validation failed[39m
2025-12-10 19:29:17:2917 [31merror[39m: [31mError: Validation failed[39m
2025-12-10 19:29:17:2917 [31merror[39m: [31mError: Validation failed[39m
2025-12-10 19:29:17:2917 [31merror[39m: [31mError: Validation failed[39m
2025-12-10 19:29:17:2917 [31merror[39m: [31mError: Validation failed[39m
2025-12-10 19:29:17:2917 [31merror[39m: [31mError: No token provided[39m
2025-12-10 19:30:18:3018 [31merror[39m: [31mError: No token provided[39m
2025-12-10 19:30:18:3018 [31merror[39m: [31mError: No token provided[39m
2025-12-10 19:30:18:3018 [31merror[39m: [31mError: No token provided[39m
2025-12-10 19:30:18:3018 [31merror[39m: [31mError: No token provided[39m
2025-12-10 19:30:18:3018 [31merror[39m: [31mError: No token provided[39m
2025-12-10 19:30:18:3018 [31merror[39m: [31mError: No token provided[39m
2025-12-10 19:30:18:3018 [31merror[39m: [31mError: No token provided[39m
2025-12-10 19:30:40:3040 [31merror[39m: [31mError getting personalized recommendations: Operation `recommendation_cache.findOne()` buffering timed out after 10000ms[39m
2025-12-10 19:30:40:3040 [31merror[39m: [31mError: Operation `recommendation_cache.findOne()` buffering timed out after 10000ms[39m
2025-12-10 19:30:50:3050 [31merror[39m: [31mError getting similar songs: Operation `song_features.findOne()` buffering timed out after 10000ms[39m
2025-12-10 19:30:50:3050 [31merror[39m: [31mError: Operation `song_features.findOne()` buffering timed out after 10000ms[39m
2025-12-10 19:31:00:310 [31merror[39m: [31mError getting mood-based recommendations: Operation `recommendation_cache.findOne()` buffering timed out after 10000ms[39m
2025-12-10 19:31:00:310 [31merror[39m: [31mError: Operation `recommendation_cache.findOne()` buffering timed out after 10000ms[39m
2025-12-10 19:31:10:3110 [31merror[39m: [31mError getting trending songs: Operation `listening_patterns.aggregate()` buffering timed out after 10000ms[39m
2025-12-10 19:31:10:3110 [31merror[39m: [31mError: Operation `listening_patterns.aggregate()` buffering timed out after 10000ms[39m
2025-12-10 19:31:20:3120 [31merror[39m: [31mError getting user stats: Operation `listening_patterns.aggregate()` buffering timed out after 10000ms[39m
2025-12-10 19:31:20:3120 [31merror[39m: [31mError: Operation `listening_patterns.aggregate()` buffering timed out after 10000ms[39m
2025-12-10 19:31:30:3130 [31merror[39m: [31mError getting user top songs: Operation `listening_patterns.aggregate()` buffering timed out after 10000ms[39m
2025-12-10 19:31:30:3130 [31merror[39m: [31mError: Operation `listening_patterns.aggregate()` buffering timed out after 10000ms[39m
2025-12-10 19:31:55:3155 [31merror[39m: [31mError getting personalized recommendations: Operation `recommendation_cache.findOne()` buffering timed out after 10000ms[39m
2025-12-10 19:31:55:3155 [31merror[39m: [31mError: Operation `recommendation_cache.findOne()` buffering timed out after 10000ms[39m
2025-12-10 19:32:05:325 [31merror[39m: [31mError getting similar songs: Operation `song_features.findOne()` buffering timed out after 10000ms[39m
2025-12-10 19:32:05:325 [31merror[39m: [31mError: Operation `song_features.findOne()` buffering timed out after 10000ms[39m
2025-12-10 19:32:15:3215 [31merror[39m: [31mError getting mood-based recommendations: Operation `recommendation_cache.findOne()` buffering timed out after 10000ms[39m
2025-12-10 19:32:15:3215 [31merror[39m: [31mError: Operation `recommendation_cache.findOne()` buffering timed out after 10000ms[39m
2025-12-10 19:32:25:3225 [31merror[39m: [31mError getting trending songs: Operation `listening_patterns.aggregate()` buffering timed out after 10000ms[39m
2025-12-10 19:32:25:3225 [31merror[39m: [31mError: Operation `listening_patterns.aggregate()` buffering timed out after 10000ms[39m
2025-12-10 19:32:35:3235 [31merror[39m: [31mError getting user stats: Operation `listening_patterns.aggregate()` buffering timed out after 10000ms[39m
2025-12-10 19:32:35:3235 [31merror[39m: [31mError: Operation `listening_patterns.aggregate()` buffering timed out after 10000ms[39m
2025-12-10 19:32:45:3245 [31merror[39m: [31mError getting user top songs: Operation `listening_patterns.aggregate()` buffering timed out after 10000ms[39m
2025-12-10 19:32:45:3245 [31merror[39m: [31mError: Operation `listening_patterns.aggregate()` buffering timed out after 10000ms[39m
2025-12-10 19:33:03:333 [31merror[39m: [31mError tracking listening pattern: ListeningPattern validation failed: completionRate: Cast to Number failed for value "NaN" (type number) at path "completionRate", userId: Path `userId` is required., playDuration: Path `playDuration` is required., source: Path `source` is required.[39m
2025-12-10 19:33:03:333 [31merror[39m: [31mError: ListeningPattern validation failed: completionRate: Cast to Number failed for value "NaN" (type number) at path "completionRate", userId: Path `userId` is required., playDuration: Path `playDuration` is required., source: Path `source` is required.[39m
2025-12-10 19:33:13:3313 [31merror[39m: [31mError getting user stats: Operation `listening_patterns.aggregate()` buffering timed out after 10000ms[39m
2025-12-10 19:33:13:3313 [31merror[39m: [31mError: Operation `listening_patterns.aggregate()` buffering timed out after 10000ms[39m
2025-12-10 19:33:23:3323 [31merror[39m: [31mError getting user top songs: Operation `listening_patterns.aggregate()` buffering timed out after 10000ms[39m
2025-12-10 19:33:23:3323 [31merror[39m: [31mError: Operation `listening_patterns.aggregate()` buffering timed out after 10000ms[39m
2025-12-10 19:33:33:3333 [31merror[39m: [31mError getting user time patterns: Operation `listening_patterns.aggregate()` buffering timed out after 10000ms[39m
2025-12-10 19:33:33:3333 [31merror[39m: [31mError: Operation `listening_patterns.aggregate()` buffering timed out after 10000ms[39m
2025-12-10 19:33:43:3343 [31merror[39m: [31mError getting user genre preferences: Operation `listening_patterns.distinct()` buffering timed out after 10000ms[39m
2025-12-10 19:33:43:3343 [31merror[39m: [31mError: Operation `listening_patterns.distinct()` buffering timed out after 10000ms[39m
2025-12-10 19:33:53:3353 [31merror[39m: [31mError getting user mood preferences: Operation `listening_patterns.distinct()` buffering timed out after 10000ms[39m
2025-12-10 19:33:53:3353 [31merror[39m: [31mError: Operation `listening_patterns.distinct()` buffering timed out after 10000ms[39m
2025-12-10 19:35:09:359 [31merror[39m: [31mError: No token provided[39m
2025-12-10 19:35:09:359 [31merror[39m: [31mError tracking listening pattern: ListeningPattern validation failed: completionRate: Cast to Number failed for value "NaN" (type number) at path "completionRate", userId: Path `userId` is required., playDuration: Path `playDuration` is required., source: Path `source` is required.[39m
2025-12-10 19:35:09:359 [31merror[39m: [31mError: ListeningPattern validation failed: completionRate: Cast to Number failed for value "NaN" (type number) at path "completionRate", userId: Path `userId` is required., playDuration: Path `playDuration` is required., source: Path `source` is required.[39m
2025-12-10 19:35:09:359 [31merror[39m: [31mError: No token provided[39m
2025-12-10 19:35:09:359 [31merror[39m: [31mError: No token provided[39m
2025-12-10 19:35:09:359 [31merror[39m: [31mError: No token provided[39m
2025-12-10 19:35:09:359 [31merror[39m: [31mError: No token provided[39m
2025-12-10 19:35:09:359 [31merror[39m: [31mError: No token provided[39m
2025-12-10 19:35:09:359 [31merror[39m: [31mError: No token provided[39m
2025-12-10 19:35:19:3519 [31merror[39m: [31mError getting personalized recommendations: Operation `recommendation_cache.findOne()` buffering timed out after 10000ms[39m
2025-12-10 19:35:19:3519 [31merror[39m: [31mError: Operation `recommendation_cache.findOne()` buffering timed out after 10000ms[39m
2025-12-10 19:35:19:3519 [31merror[39m: [31mError getting user stats: Operation `listening_patterns.aggregate()` buffering timed out after 10000ms[39m
2025-12-10 19:35:19:3519 [31merror[39m: [31mError: Operation `listening_patterns.aggregate()` buffering timed out after 10000ms[39m
2025-12-10 19:35:29:3529 [31merror[39m: [31mError getting similar songs: Operation `song_features.findOne()` buffering timed out after 10000ms[39m
2025-12-10 19:35:29:3529 [31merror[39m: [31mError: Operation `song_features.findOne()` buffering timed out after 10000ms[39m
2025-12-10 19:35:29:3529 [31merror[39m: [31mError getting user top songs: Operation `listening_patterns.aggregate()` buffering timed out after 10000ms[39m
2025-12-10 19:35:29:3529 [31merror[39m: [31mError: Operation `listening_patterns.aggregate()` buffering timed out after 10000ms[39m
2025-12-10 19:35:39:3539 [31merror[39m: [31mError getting mood-based recommendations: Operation `recommendation_cache.findOne()` buffering timed out after 10000ms[39m
2025-12-10 19:35:39:3539 [31merror[39m: [31mError: Operation `recommendation_cache.findOne()` buffering timed out after 10000ms[39m
2025-12-10 19:35:39:3539 [31merror[39m: [31mError getting user time patterns: Operation `listening_patterns.aggregate()` buffering timed out after 10000ms[39m
2025-12-10 19:35:39:3539 [31merror[39m: [31mError: Operation `listening_patterns.aggregate()` buffering timed out after 10000ms[39m
2025-12-10 19:35:49:3549 [31merror[39m: [31mError getting trending songs: Operation `listening_patterns.aggregate()` buffering timed out after 10000ms[39m
2025-12-10 19:35:49:3549 [31merror[39m: [31mError: Operation `listening_patterns.aggregate()` buffering timed out after 10000ms[39m
2025-12-10 19:35:49:3549 [31merror[39m: [31mError getting user genre preferences: Operation `listening_patterns.distinct()` buffering timed out after 10000ms[39m
2025-12-10 19:35:49:3549 [31merror[39m: [31mError: Operation `listening_patterns.distinct()` buffering timed out after 10000ms[39m
2025-12-10 19:35:59:3559 [31merror[39m: [31mError getting user stats: Operation `listening_patterns.aggregate()` buffering timed out after 10000ms[39m
2025-12-10 19:35:59:3559 [31merror[39m: [31mError: Operation `listening_patterns.aggregate()` buffering timed out after 10000ms[39m
2025-12-10 19:35:59:3559 [31merror[39m: [31mError getting user mood preferences: Operation `listening_patterns.distinct()` buffering timed out after 10000ms[39m
2025-12-10 19:35:59:3559 [31merror[39m: [31mError: Operation `listening_patterns.distinct()` buffering timed out after 10000ms[39m
2025-12-10 19:36:09:369 [31merror[39m: [31mError getting user top songs: Operation `listening_patterns.aggregate()` buffering timed out after 10000ms[39m
2025-12-10 19:36:09:369 [31merror[39m: [31mError: Operation `listening_patterns.aggregate()` buffering timed out after 10000ms[39m
2025-12-10 19:36:09:369 [31merror[39m: [31mError getting trending songs: Operation `listening_patterns.aggregate()` buffering timed out after 10000ms[39m
2025-12-10 19:36:09:369 [31merror[39m: [31mError: Operation `listening_patterns.aggregate()` buffering timed out after 10000ms[39m
